DEBUG:urllib3.connectionpool:Starting new HTTPS connection (1): www.tmz.com:443
DEBUG:urllib3.connectionpool:https://www.tmz.com:443 "GET /2024/01/20/kim-kardashian-interact-kanye-west-los-angeles-saint-west-basketball-game/ HTTP/1.1" 200 38152
DEBUG:urllib3.connectionpool:Starting new HTTPS connection (1): www.tmz.com:443
DEBUG:urllib3.connectionpool:https://www.tmz.com:443 "GET /2024/06/12/kourtney-kardashian-travis-barker-date-night-punk-festival-mosh-pit/ HTTP/1.1" 200 38587
DEBUG:urllib3.connectionpool:Starting new HTTPS connection (1): www.tmz.com:443
DEBUG:urllib3.connectionpool:https://www.tmz.com:443 "GET /2024/03/24/bianca-censori-covers-up-fur-coat-north-west-kanye-west-dinner/ HTTP/1.1" 200 36299
DEBUG:urllib3.connectionpool:Starting new HTTPS connection (1): www.tmz.com:443
DEBUG:urllib3.connectionpool:https://www.tmz.com:443 "GET /2024/07/28/fffffkanye-west-bianca-censori-tiny-shorts-take-north-west-deadpool/ HTTP/1.1" 404 None
DEBUG:urllib3.connectionpool:Starting new HTTPS connection (1): www.tmz.com:443
DEBUG:urllib3.connectionpool:https://www.tmz.com:443 "GET /2024/04/07/josh-flagg-explica-si-los-allanamientos-de-diddy-afectaran-los-precios-inmobiliarios-de-los-vecinos/ HTTP/1.1" 200 41353
DEBUG:urllib3.connectionpool:Starting new HTTPS connection (1): www.tmz.com:443
DEBUG:urllib3.connectionpool:https://www.tmz.com:443 "GET /2024/04/20/taylor-swift-fortnight-music-video-travis-kelce-tortured-poets-department/ HTTP/1.1" 200 36344
DEBUG:urllib3.connectionpool:Starting new HTTPS connection (1): www.tmz.com:443
DEBUG:urllib3.connectionpool:https://www.tmz.com:443 "GET /2024/02/22/celebs-wearing-cowboy-hats-beyonce-trend-country-music/ HTTP/1.1" 200 34869
DEBUG:urllib3.connectionpool:Starting new HTTPS connection (1): www.tmz.com:443
DEBUG:urllib3.connectionpool:https://www.tmz.com:443 "GET /2024/05/06/tom-brady-scorches-chiefs-with-taylor-swift-jokes-during-netflix-roast/ HTTP/1.1" 200 44552
DEBUG:urllib3.connectionpool:Starting new HTTPS connection (1): www.tmz.com:443
DEBUG:urllib3.connectionpool:https://www.tmz.com:443 "GET /2024/03/18/caitlyn-jenner-lamar-odom-new-podcast-together-keeping-up-with-sports/ HTTP/1.1" 200 36636
DEBUG:urllib3.connectionpool:Starting new HTTPS connection (1): www.tmz.com:443
DEBUG:urllib3.connectionpool:https://www.tmz.com:443 "GET /2024/05/27/kourtney-kardashian-reveal-five-ivf-cycles-three-retrievals-rocky-son-pregnant-born-travis-barker/ HTTP/1.1" 200 36532
DEBUG:urllib3.connectionpool:Starting new HTTPS connection (1): www.tmz.com:443
DEBUG:urllib3.connectionpool:https://www.tmz.com:443 "GET /2024/03/17/kim-kardashian-j-lo-y-ben-affleck-acuden-al-partido-de-los-la-lakers/ HTTP/1.1" 200 35101
DEBUG:urllib3.connectionpool:Starting new HTTPS connection (1): www.tmz.com:443
DEBUG:urllib3.connectionpool:https://www.tmz.com:443 "GET /2024/01/10/selena-gomez-se-toma-otro-descanso-en-las-redes-sociales-tras-el-drama-de-los-golden-globes-con-kylie/ HTTP/1.1" 200 36957
DEBUG:urllib3.connectionpool:Starting new HTTPS connection (1): www.tmz.com:443
DEBUG:urllib3.connectionpool:https://www.tmz.com:443 "GET /2024/02/11/kim-kardashian-y-odell-beckham-jr-se-reencuentra-en-las-vegas-entre-rumores-de-noviazgo/ HTTP/1.1" 200 37493
DEBUG:urllib3.connectionpool:Starting new HTTPS connection (1): www.tmz.com:443
DEBUG:urllib3.connectionpool:https://www.tmz.com:443 "GET /2024/05/25/hollywood-ultimate-summer-showdown-whod-you-rather/ HTTP/1.1" 200 32355
DEBUG:urllib3.connectionpool:Starting new HTTPS connection (1): www.tmz.com:443
DEBUG:urllib3.connectionpool:https://www.tmz.com:443 "GET /2024/05/05/tom-brady-shuts-down-jeff-ross-over-robert-kraft-massage-joke/ HTTP/1.1" 200 47117
DEBUG:urllib3.connectionpool:Starting new HTTPS connection (1): www.tmz.com:443
DEBUG:urllib3.connectionpool:https://www.tmz.com:443 "GET /2024/03/15/kim-k-vuelve-a-la-orbita-de-bianca-y-kanye-para-apoyar-a-north/ HTTP/1.1" 200 40374
DEBUG:urllib3.connectionpool:Starting new HTTPS connection (1): www.tmz.com:443
DEBUG:urllib3.connectionpool:https://www.tmz.com:443 "GET /2024/05/12/famous-moms-who-can-do-it-all/ HTTP/1.1" 200 31533
DEBUG:urllib3.connectionpool:Starting new HTTPS connection (1): www.tmz.com:443
DEBUG:urllib3.connectionpool:https://www.tmz.com:443 "GET /2024/06/20/kylie-jenner-crying-over-trolls-nasty-comments-face-appearance/ HTTP/1.1" 200 35550
DEBUG:urllib3.connectionpool:Starting new HTTPS connection (1): www.tmz.com:443
DEBUG:urllib3.connectionpool:https://www.tmz.com:443 "GET /2024/02/29/lizzo-not-turn-down-jennifer-lopez-movie-role-this-is-me-now/ HTTP/1.1" 200 38189
DEBUG:urllib3.connectionpool:Starting new HTTPS connection (1): www.tmz.com:443
DEBUG:urllib3.connectionpool:https://www.tmz.com:443 "GET /2024/06/20/kourtney-kardashian-had-sex-with-travis-barker-while-dilated-to-induce-labor/ HTTP/1.1" 200 35092
DEBUG:urllib3.connectionpool:Starting new HTTPS connection (1): www.tmz.com:443
DEBUG:urllib3.connectionpool:https://www.tmz.com:443 "GET /2024/01/09/kendall-jenner-comparte-la-primera-instantanea-con-su-ex-bad-bunny/ HTTP/1.1" 200 36742
DEBUG:urllib3.connectionpool:Starting new HTTPS connection (1): www.tmz.com:443
DEBUG:urllib3.connectionpool:https://www.tmz.com:443 "GET /2024/07/07/drake-michael-rubin-white-party-friendly-crowd-kendrick-lamar-songs/ HTTP/1.1" 200 36957
DEBUG:urllib3.connectionpool:Starting new HTTPS connection (1): www.tmz.com:443
DEBUG:urllib3.connectionpool:https://www.tmz.com:443 "GET /2024/03/11/north-west-album-kanye-vulture-2-listening-party-elementary-school-dropout/ HTTP/1.1" 200 None
DEBUG:urllib3.connectionpool:Starting new HTTPS connection (1): www.tmz.com:443
DEBUG:urllib3.connectionpool:https://www.tmz.com:443 "GET /2024/01/09/kendall-jenner-pulled-over-beverly-hills-cop-hailey-bieber-running-stop-sign/ HTTP/1.1" 200 33821
DEBUG:urllib3.connectionpool:Starting new HTTPS connection (1): www.tmz.com:443
DEBUG:urllib3.connectionpool:https://www.tmz.com:443 "GET /2024/02/21/north-west-makes-billboard-history-on-kanye-wests-vultures-kim-k-celebrates/ HTTP/1.1" 200 None
DEBUG:urllib3.connectionpool:Starting new HTTPS connection (1): www.tmz.com:443
DEBUG:urllib3.connectionpool:https://www.tmz.com:443 "GET /2024/06/17/guess-who-this-kid-overalls-turned-into/ HTTP/1.1" 200 29993
DEBUG:urllib3.connectionpool:Starting new HTTPS connection (1): www.tmz.com:443
DEBUG:urllib3.connectionpool:https://www.tmz.com:443 "GET /2024/03/23/kim-kardashian-peace-kanye-west-saint-basketball/ HTTP/1.1" 200 36342
DEBUG:urllib3.connectionpool:Starting new HTTPS connection (1): www.tmz.com:443
DEBUG:urllib3.connectionpool:https://www.tmz.com:443 "GET /2024/04/01/el-novio-de-sabrina-carpenter-barry-keoghan-reacciona-a-su-sexy-sesion-para-skims/ HTTP/1.1" 200 35646
DEBUG:urllib3.connectionpool:Starting new HTTPS connection (1): www.tmz.com:443
DEBUG:urllib3.connectionpool:https://www.tmz.com:443 "GET /2024/02/29/kim-kardashian-ofrece-apoyo-a-la-familia-de-un-preso-ejecutado-en-texas/ HTTP/1.1" 200 35242
DEBUG:urllib3.connectionpool:Starting new HTTPS connection (1): www.tmz.com:443
DEBUG:urllib3.connectionpool:https://www.tmz.com:443 "GET /2024/07/30/eminem-death-slim-shady-ai-interview-mgk-mother/ HTTP/1.1" 200 None
